// Jest Snapshot v1, https://goo.gl/fbAQLP

exports[`App should render 1`] = `
<Component
  style={
    Object {
      "alignItems": "center",
      "backgroundColor": "#fff",
      "flex": 1,
      "justifyContent": "center",
    }
  }
>
  <Text
    accessible={true}
    allowFontScaling={true}
    ellipsizeMode="tail"
  >
    Open up App.js to start working on your app!
  </Text>
</Component>
`;
